// Vitest Snapshot v1, https://vitest.dev/guide/snapshot.html

exports[`Mnemonic > should render the "Mnemonic" component in the authenticate state 1`] = `
<div>
  <div
    class="dusk-mnemonic"
  >
    <div
      class="dusk-mnemonic__actions-wrapper"
    >
       
      <button
        class="dusk-button dusk-button--button dusk-button--tertiary dusk-button--normal dusk-icon-button--labeled"
        disabled=""
        type="button"
      >
        <svg
          class="dusk-icon dusk-icon--size--normal dusk-button__icon"
          role="graphics-symbol"
          viewBox="0 0 24 24"
        >
          <path
            d="M10.5,7A6.5,6.5 0 0,0 4,13.5A6.5,6.5 0 0,0 10.5,20H14V18H10.5C8,18 6,16 6,13.5C6,11 8,9 10.5,9H16.17L13.09,12.09L14.5,13.5L20,8L14.5,2.5L13.08,3.91L16.17,7H10.5M18,18H16V20H18V18Z"
          />
        </svg>
        
        <!--&lt;Icon&gt;-->
         
        <span
          class="dusk-button__text"
        >
          Undo
        </span>
        
      </button>
      <!--&lt;Button&gt;-->
    </div>
     
    <ol
      class="dusk-words"
    >
      <li
        class="dusk-words__word"
      >
        _____
      </li>
      <li
        class="dusk-words__word"
      >
        _____
      </li>
      <li
        class="dusk-words__word"
      >
        _____
      </li>
      <li
        class="dusk-words__word"
      >
        _____
      </li>
      <li
        class="dusk-words__word"
      >
        _____
      </li>
      <li
        class="dusk-words__word"
      >
        _____
      </li>
      <li
        class="dusk-words__word"
      >
        _____
      </li>
      <li
        class="dusk-words__word"
      >
        _____
      </li>
      <li
        class="dusk-words__word"
      >
        _____
      </li>
      <li
        class="dusk-words__word"
      >
        _____
      </li>
      <li
        class="dusk-words__word"
      >
        _____
      </li>
      <li
        class="dusk-words__word"
      >
        _____
      </li>
    </ol>
    <!--&lt;Words&gt;-->
     
    <div
      class="dusk-mnemonic__authenticate-actions-wrapper"
    >
      <input
        class="dusk-textbox dusk-textbox-text"
        maxlength="8"
        placeholder="Enter word 1"
        type="text"
      />
      
      <!--&lt;Textbox&gt;-->
       
      
    </div>
  </div>
  <!--&lt;Mnemonic&gt;-->
</div>
`;

exports[`Mnemonic > should render the "Mnemonic" component in the validate state 1`] = `
<div>
  <div
    class="dusk-mnemonic"
  >
    <div
      class="dusk-mnemonic__actions-wrapper"
    >
       
      <button
        class="dusk-button dusk-button--button dusk-button--tertiary dusk-button--normal dusk-icon-button--labeled"
        disabled=""
        type="button"
      >
        <svg
          class="dusk-icon dusk-icon--size--normal dusk-button__icon"
          role="graphics-symbol"
          viewBox="0 0 24 24"
        >
          <path
            d="M10.5,7A6.5,6.5 0 0,0 4,13.5A6.5,6.5 0 0,0 10.5,20H14V18H10.5C8,18 6,16 6,13.5C6,11 8,9 10.5,9H16.17L13.09,12.09L14.5,13.5L20,8L14.5,2.5L13.08,3.91L16.17,7H10.5M18,18H16V20H18V18Z"
          />
        </svg>
        
        <!--&lt;Icon&gt;-->
         
        <span
          class="dusk-button__text"
        >
          Undo
        </span>
        
      </button>
      <!--&lt;Button&gt;-->
    </div>
     
    <ol
      class="dusk-words"
    >
      <li
        class="dusk-words__word"
      >
        _____
      </li>
      <li
        class="dusk-words__word"
      >
        _____
      </li>
      <li
        class="dusk-words__word"
      >
        _____
      </li>
      <li
        class="dusk-words__word"
      >
        _____
      </li>
      <li
        class="dusk-words__word"
      >
        _____
      </li>
      <li
        class="dusk-words__word"
      >
        _____
      </li>
      <li
        class="dusk-words__word"
      >
        _____
      </li>
      <li
        class="dusk-words__word"
      >
        _____
      </li>
      <li
        class="dusk-words__word"
      >
        _____
      </li>
      <li
        class="dusk-words__word"
      >
        _____
      </li>
      <li
        class="dusk-words__word"
      >
        _____
      </li>
      <li
        class="dusk-words__word"
      >
        _____
      </li>
    </ol>
    <!--&lt;Words&gt;-->
     
    <div
      class="dusk-mnemonic__validate-actions-wrapper"
    >
      
      <button
        class="dusk-button dusk-button--button dusk-button--tertiary dusk-button--normal"
        data-value="auction"
        type="button"
      >
        <span
          class="dusk-button__text"
        >
          auction
        </span>
      </button>
      <!--&lt;Button&gt;-->
      
      <button
        class="dusk-button dusk-button--button dusk-button--tertiary dusk-button--normal"
        data-value="tribe"
        type="button"
      >
        <span
          class="dusk-button__text"
        >
          tribe
        </span>
      </button>
      <!--&lt;Button&gt;-->
      
      <button
        class="dusk-button dusk-button--button dusk-button--tertiary dusk-button--normal"
        data-value="type"
        type="button"
      >
        <span
          class="dusk-button__text"
        >
          type
        </span>
      </button>
      <!--&lt;Button&gt;-->
      
      <button
        class="dusk-button dusk-button--button dusk-button--tertiary dusk-button--normal"
        data-value="torch"
        type="button"
      >
        <span
          class="dusk-button__text"
        >
          torch
        </span>
      </button>
      <!--&lt;Button&gt;-->
      
      <button
        class="dusk-button dusk-button--button dusk-button--tertiary dusk-button--normal"
        data-value="domain"
        type="button"
      >
        <span
          class="dusk-button__text"
        >
          domain
        </span>
      </button>
      <!--&lt;Button&gt;-->
      
      <button
        class="dusk-button dusk-button--button dusk-button--tertiary dusk-button--normal"
        data-value="auction"
        type="button"
      >
        <span
          class="dusk-button__text"
        >
          auction
        </span>
      </button>
      <!--&lt;Button&gt;-->
      
      <button
        class="dusk-button dusk-button--button dusk-button--tertiary dusk-button--normal"
        data-value="lyrics"
        type="button"
      >
        <span
          class="dusk-button__text"
        >
          lyrics
        </span>
      </button>
      <!--&lt;Button&gt;-->
      
      <button
        class="dusk-button dusk-button--button dusk-button--tertiary dusk-button--normal"
        data-value="mouse"
        type="button"
      >
        <span
          class="dusk-button__text"
        >
          mouse
        </span>
      </button>
      <!--&lt;Button&gt;-->
      
      <button
        class="dusk-button dusk-button--button dusk-button--tertiary dusk-button--normal"
        data-value="alert"
        type="button"
      >
        <span
          class="dusk-button__text"
        >
          alert
        </span>
      </button>
      <!--&lt;Button&gt;-->
      
      <button
        class="dusk-button dusk-button--button dusk-button--tertiary dusk-button--normal"
        data-value="fabric"
        type="button"
      >
        <span
          class="dusk-button__text"
        >
          fabric
        </span>
      </button>
      <!--&lt;Button&gt;-->
      
      <button
        class="dusk-button dusk-button--button dusk-button--tertiary dusk-button--normal"
        data-value="snake"
        type="button"
      >
        <span
          class="dusk-button__text"
        >
          snake
        </span>
      </button>
      <!--&lt;Button&gt;-->
      
      <button
        class="dusk-button dusk-button--button dusk-button--tertiary dusk-button--normal"
        data-value="ticket"
        type="button"
      >
        <span
          class="dusk-button__text"
        >
          ticket
        </span>
      </button>
      <!--&lt;Button&gt;-->
      
    </div>
  </div>
  <!--&lt;Mnemonic&gt;-->
</div>
`;
