// Vitest Snapshot v1, https://vitest.dev/guide/snapshot.html

exports[`Dashboard Layout > should render the dashboard layout 1`] = `
<div>
  <section
    class="dashboard s-Ck0voT_hIlXn"
  >
    <span>
      some text
    </span>
     
    <footer
      class="footer s-Ck0voT_hIlXn"
    >
      <nav
        class="footer__navigation s-Ck0voT_hIlXn"
      >
        <div
          class="footer__network-status s-Ck0voT_hIlXn"
        >
          <div
            class="dusk-icon--circular footer__network-status-icon footer__network-status-icon--success"
            data-tooltip-disabled="true"
            data-tooltip-id="main-tooltip"
            data-tooltip-type="error"
            style=""
          >
            <svg
              class="dusk-icon dusk-icon--size--large"
              role="graphics-symbol"
              viewBox="0 0 24 24"
            >
              <path
                d="M3.9,12C3.9,10.29 5.29,8.9 7,8.9H11V7H7A5,5 0 0,0 2,12A5,5 0 0,0 7,17H11V15.1H7C5.29,15.1 3.9,13.71 3.9,12M8,13H16V11H8V13M17,7H13V8.9H17C18.71,8.9 20.1,10.29 20.1,12C20.1,13.71 18.71,15.1 17,15.1H13V17H17A5,5 0 0,0 22,12A5,5 0 0,0 17,7Z"
              />
            </svg>
            
            <!--&lt;Icon&gt;-->
          </div>
          <!--&lt;CircularIcon&gt;-->
           
          <div
            class="footer__network-message s-Ck0voT_hIlXn"
          >
            <span
              class="s-Ck0voT_hIlXn"
            >
              Dusk testnet
            </span>
             
          </div>
        </div>
         
        <div
          class="footer__actions s-Ck0voT_hIlXn"
        >
           
          <a
            aria-disabled="false"
            aria-label="Settings"
            class="dusk-anchor dusk-anchor-button dusk-anchor-button--secondary dusk-anchor-button--normal dusk-anchor-button--alt dusk-icon-button"
            data-tooltip-id="main-tooltip"
            data-tooltip-text="Settings"
            href="/some-base-path/settings"
          >
            <svg
              class="dusk-icon dusk-icon--size--large dusk-anchor-button__icon"
              role="graphics-symbol"
              viewBox="0 0 24 24"
            >
              <path
                d="M12,8A4,4 0 0,1 16,12A4,4 0 0,1 12,16A4,4 0 0,1 8,12A4,4 0 0,1 12,8M12,10A2,2 0 0,0 10,12A2,2 0 0,0 12,14A2,2 0 0,0 14,12A2,2 0 0,0 12,10M10,22C9.75,22 9.54,21.82 9.5,21.58L9.13,18.93C8.5,18.68 7.96,18.34 7.44,17.94L4.95,18.95C4.73,19.03 4.46,18.95 4.34,18.73L2.34,15.27C2.21,15.05 2.27,14.78 2.46,14.63L4.57,12.97L4.5,12L4.57,11L2.46,9.37C2.27,9.22 2.21,8.95 2.34,8.73L4.34,5.27C4.46,5.05 4.73,4.96 4.95,5.05L7.44,6.05C7.96,5.66 8.5,5.32 9.13,5.07L9.5,2.42C9.54,2.18 9.75,2 10,2H14C14.25,2 14.46,2.18 14.5,2.42L14.87,5.07C15.5,5.32 16.04,5.66 16.56,6.05L19.05,5.05C19.27,4.96 19.54,5.05 19.66,5.27L21.66,8.73C21.79,8.95 21.73,9.22 21.54,9.37L19.43,11L19.5,12L19.43,13L21.54,14.63C21.73,14.78 21.79,15.05 21.66,15.27L19.66,18.73C19.54,18.95 19.27,19.04 19.05,18.95L16.56,17.95C16.04,18.34 15.5,18.68 14.87,18.93L14.5,21.58C14.46,21.82 14.25,22 14,22H10M11.25,4L10.88,6.61C9.68,6.86 8.62,7.5 7.85,8.39L5.44,7.35L4.69,8.65L6.8,10.2C6.4,11.37 6.4,12.64 6.8,13.8L4.68,15.36L5.43,16.66L7.86,15.62C8.63,16.5 9.68,17.14 10.87,17.38L11.24,20H12.76L13.13,17.39C14.32,17.14 15.37,16.5 16.14,15.62L18.57,16.66L19.32,15.36L17.2,13.81C17.6,12.64 17.6,11.37 17.2,10.2L19.31,8.65L18.56,7.35L16.15,8.39C15.38,7.5 14.32,6.86 13.12,6.62L12.75,4H11.25Z"
              />
            </svg>
            
            <!--&lt;Icon&gt;-->
             
            
            
          </a>
          <!--&lt;Anchor&gt;-->
          <!--&lt;AnchorButton&gt;-->
          <!--&lt;AppAnchorButton&gt;-->
        </div>
      </nav>
    </footer>
  </section>
  <!--&lt;+layout&gt;-->
  
  <!--&lt;SlotContent&gt;-->
</div>
`;

exports[`Dashboard Layout > should render the dashboard layout in the error state 1`] = `
<div>
  <section
    class="dashboard s-Ck0voT_hIlXn"
  >
    <span>
      some text
    </span>
     
    <footer
      class="footer s-Ck0voT_hIlXn"
    >
      <nav
        class="footer__navigation s-Ck0voT_hIlXn"
      >
        <div
          class="footer__network-status s-Ck0voT_hIlXn"
        >
          <div
            class="dusk-icon--circular footer__network-status-icon footer__network-status-icon--error"
            data-tooltip-disabled="false"
            data-tooltip-id="main-tooltip"
            data-tooltip-text=""
            data-tooltip-type="error"
            style=""
          >
            <svg
              class="dusk-icon dusk-icon--size--large"
              role="graphics-symbol"
              viewBox="0 0 24 24"
            >
              <path
                d="M12,2L1,21H23M12,6L19.53,19H4.47M11,10V14H13V10M11,16V18H13V16"
              />
            </svg>
            
            <!--&lt;Icon&gt;-->
          </div>
          <!--&lt;CircularIcon&gt;-->
           
          <div
            class="footer__network-message s-Ck0voT_hIlXn"
          >
            <span
              class="s-Ck0voT_hIlXn"
            >
              Dusk testnet - Sync Failed
            </span>
             
          </div>
        </div>
         
        <div
          class="footer__actions s-Ck0voT_hIlXn"
        >
          <button
            aria-label="Retry synchronization"
            class="dusk-button dusk-button--button dusk-button--secondary dusk-button--normal dusk-button--alt dusk-icon-button footer__actions-button"
            data-tooltip-id="main-tooltip"
            data-tooltip-text="Retry synchronization"
            type="button"
          >
            <svg
              class="dusk-icon dusk-icon--size--large dusk-button__icon"
              role="graphics-symbol"
              viewBox="0 0 24 24"
            >
              <path
                d="M13,3A9,9 0 0,0 4,12H1L4.89,15.89L4.96,16.03L9,12H6A7,7 0 0,1 13,5A7,7 0 0,1 20,12A7,7 0 0,1 13,19C11.07,19 9.32,18.21 8.06,16.94L6.64,18.36C8.27,20 10.5,21 13,21A9,9 0 0,0 22,12A9,9 0 0,0 13,3Z"
              />
            </svg>
            
            <!--&lt;Icon&gt;-->
             
            
          </button>
          <!--&lt;Button&gt;-->
           
          <a
            aria-disabled="false"
            aria-label="Settings"
            class="dusk-anchor dusk-anchor-button dusk-anchor-button--secondary dusk-anchor-button--normal dusk-anchor-button--alt dusk-icon-button"
            data-tooltip-id="main-tooltip"
            data-tooltip-text="Settings"
            href="/some-base-path/settings"
          >
            <svg
              class="dusk-icon dusk-icon--size--large dusk-anchor-button__icon"
              role="graphics-symbol"
              viewBox="0 0 24 24"
            >
              <path
                d="M12,8A4,4 0 0,1 16,12A4,4 0 0,1 12,16A4,4 0 0,1 8,12A4,4 0 0,1 12,8M12,10A2,2 0 0,0 10,12A2,2 0 0,0 12,14A2,2 0 0,0 14,12A2,2 0 0,0 12,10M10,22C9.75,22 9.54,21.82 9.5,21.58L9.13,18.93C8.5,18.68 7.96,18.34 7.44,17.94L4.95,18.95C4.73,19.03 4.46,18.95 4.34,18.73L2.34,15.27C2.21,15.05 2.27,14.78 2.46,14.63L4.57,12.97L4.5,12L4.57,11L2.46,9.37C2.27,9.22 2.21,8.95 2.34,8.73L4.34,5.27C4.46,5.05 4.73,4.96 4.95,5.05L7.44,6.05C7.96,5.66 8.5,5.32 9.13,5.07L9.5,2.42C9.54,2.18 9.75,2 10,2H14C14.25,2 14.46,2.18 14.5,2.42L14.87,5.07C15.5,5.32 16.04,5.66 16.56,6.05L19.05,5.05C19.27,4.96 19.54,5.05 19.66,5.27L21.66,8.73C21.79,8.95 21.73,9.22 21.54,9.37L19.43,11L19.5,12L19.43,13L21.54,14.63C21.73,14.78 21.79,15.05 21.66,15.27L19.66,18.73C19.54,18.95 19.27,19.04 19.05,18.95L16.56,17.95C16.04,18.34 15.5,18.68 14.87,18.93L14.5,21.58C14.46,21.82 14.25,22 14,22H10M11.25,4L10.88,6.61C9.68,6.86 8.62,7.5 7.85,8.39L5.44,7.35L4.69,8.65L6.8,10.2C6.4,11.37 6.4,12.64 6.8,13.8L4.68,15.36L5.43,16.66L7.86,15.62C8.63,16.5 9.68,17.14 10.87,17.38L11.24,20H12.76L13.13,17.39C14.32,17.14 15.37,16.5 16.14,15.62L18.57,16.66L19.32,15.36L17.2,13.81C17.6,12.64 17.6,11.37 17.2,10.2L19.31,8.65L18.56,7.35L16.15,8.39C15.38,7.5 14.32,6.86 13.12,6.62L12.75,4H11.25Z"
              />
            </svg>
            
            <!--&lt;Icon&gt;-->
             
            
            
          </a>
          <!--&lt;Anchor&gt;-->
          <!--&lt;AnchorButton&gt;-->
          <!--&lt;AppAnchorButton&gt;-->
        </div>
      </nav>
    </footer>
  </section>
  <!--&lt;+layout&gt;-->
  
  <!--&lt;SlotContent&gt;-->
</div>
`;

exports[`Dashboard Layout > should render the dashboard layout in the sync state 1`] = `
<div>
  <section
    class="dashboard s-Ck0voT_hIlXn"
  >
    <span>
      some text
    </span>
     
    <footer
      class="footer s-Ck0voT_hIlXn"
    >
      <nav
        class="footer__navigation s-Ck0voT_hIlXn"
      >
        <div
          class="footer__network-status s-Ck0voT_hIlXn"
        >
          <div
            class="dusk-icon--circular footer__network-status-icon footer__network-status-icon--warning"
            data-tooltip-disabled="true"
            data-tooltip-id="main-tooltip"
            data-tooltip-type="error"
            style=""
          >
            <svg
              class="dusk-icon dusk-icon--size--large"
              role="graphics-symbol"
              viewBox="0 0 24 24"
            >
              <path
                d="M6,2H18V8H18V8L14,12L18,16V16H18V22H6V16H6V16L10,12L6,8V8H6V2M16,16.5L12,12.5L8,16.5V20H16V16.5M12,11.5L16,7.5V4H8V7.5L12,11.5M10,6H14V6.75L12,8.75L10,6.75V6Z"
              />
            </svg>
            
            <!--&lt;Icon&gt;-->
          </div>
          <!--&lt;CircularIcon&gt;-->
           
          <div
            class="footer__network-message s-Ck0voT_hIlXn"
          >
            <span
              class="s-Ck0voT_hIlXn"
            >
              Syncing with Dusk testnet
            </span>
             
            <div
              class="dusk-progress-bar"
              role="progressbar"
            >
              <div
                class="dusk-progress-bar__filler dusk-progress-bar__filler--undetermined"
              />
            </div>
            <!--&lt;ProgressBar&gt;-->
          </div>
        </div>
         
        <div
          class="footer__actions s-Ck0voT_hIlXn"
        >
           
          <a
            aria-disabled="false"
            aria-label="Settings"
            class="dusk-anchor dusk-anchor-button dusk-anchor-button--secondary dusk-anchor-button--normal dusk-anchor-button--alt dusk-icon-button"
            data-tooltip-id="main-tooltip"
            data-tooltip-text="Settings"
            href="/some-base-path/settings"
          >
            <svg
              class="dusk-icon dusk-icon--size--large dusk-anchor-button__icon"
              role="graphics-symbol"
              viewBox="0 0 24 24"
            >
              <path
                d="M12,8A4,4 0 0,1 16,12A4,4 0 0,1 12,16A4,4 0 0,1 8,12A4,4 0 0,1 12,8M12,10A2,2 0 0,0 10,12A2,2 0 0,0 12,14A2,2 0 0,0 14,12A2,2 0 0,0 12,10M10,22C9.75,22 9.54,21.82 9.5,21.58L9.13,18.93C8.5,18.68 7.96,18.34 7.44,17.94L4.95,18.95C4.73,19.03 4.46,18.95 4.34,18.73L2.34,15.27C2.21,15.05 2.27,14.78 2.46,14.63L4.57,12.97L4.5,12L4.57,11L2.46,9.37C2.27,9.22 2.21,8.95 2.34,8.73L4.34,5.27C4.46,5.05 4.73,4.96 4.95,5.05L7.44,6.05C7.96,5.66 8.5,5.32 9.13,5.07L9.5,2.42C9.54,2.18 9.75,2 10,2H14C14.25,2 14.46,2.18 14.5,2.42L14.87,5.07C15.5,5.32 16.04,5.66 16.56,6.05L19.05,5.05C19.27,4.96 19.54,5.05 19.66,5.27L21.66,8.73C21.79,8.95 21.73,9.22 21.54,9.37L19.43,11L19.5,12L19.43,13L21.54,14.63C21.73,14.78 21.79,15.05 21.66,15.27L19.66,18.73C19.54,18.95 19.27,19.04 19.05,18.95L16.56,17.95C16.04,18.34 15.5,18.68 14.87,18.93L14.5,21.58C14.46,21.82 14.25,22 14,22H10M11.25,4L10.88,6.61C9.68,6.86 8.62,7.5 7.85,8.39L5.44,7.35L4.69,8.65L6.8,10.2C6.4,11.37 6.4,12.64 6.8,13.8L4.68,15.36L5.43,16.66L7.86,15.62C8.63,16.5 9.68,17.14 10.87,17.38L11.24,20H12.76L13.13,17.39C14.32,17.14 15.37,16.5 16.14,15.62L18.57,16.66L19.32,15.36L17.2,13.81C17.6,12.64 17.6,11.37 17.2,10.2L19.31,8.65L18.56,7.35L16.15,8.39C15.38,7.5 14.32,6.86 13.12,6.62L12.75,4H11.25Z"
              />
            </svg>
            
            <!--&lt;Icon&gt;-->
             
            
            
          </a>
          <!--&lt;Anchor&gt;-->
          <!--&lt;AnchorButton&gt;-->
          <!--&lt;AppAnchorButton&gt;-->
        </div>
      </nav>
    </footer>
  </section>
  <!--&lt;+layout&gt;-->
  
  <!--&lt;SlotContent&gt;-->
</div>
`;
